// Jest Snapshot v1, https://goo.gl/fbAQLP

exports[`Team should match snapshot 1`] = `
ShallowWrapper {
  "length": 1,
  Symbol(enzyme.__root__): [Circular],
  Symbol(enzyme.__unrendered__): <Unknown
    squad={
        Object {
            "id": "some string",
          }
    }
/>,
  Symbol(enzyme.__renderer__): Object {
    "batchedUpdates": [Function],
    "getNode": [Function],
    "render": [Function],
    "simulateEvent": [Function],
    "unmount": [Function],
  },
  Symbol(enzyme.__node__): Object {
    "instance": null,
    "key": undefined,
    "nodeType": "host",
    "props": Object {
      "children": Array [
        <div
          className="team"
>
          <h1>
                    ,
          </h1>
          <h3 />
</div>,
        <div
          className="manager-stadium"
>
          <div
                    className="manager-container"
          >
                    <p
                              className="manager"
                    >
                              manager:
                    </p>
                    <h3>
                              ,
                    </h3>
                    <h3 />
          </div>
          <div
                    className="stadium-container"
          >
                    <p
                              className="stadium"
                    >
                              stadium:
                    </p>
                    <p />
                    <p>
                              capacity:
                    </p>
                    <p />
          </div>
</div>,
        <div
          className="players"
/>,
      ],
      "className": "team-container",
    },
    "ref": null,
    "rendered": Array [
      Object {
        "instance": null,
        "key": undefined,
        "nodeType": "host",
        "props": Object {
          "children": Array [
            <h1>
              ,
</h1>,
            <h3 />,
          ],
          "className": "team",
        },
        "ref": null,
        "rendered": Array [
          Object {
            "instance": null,
            "key": undefined,
            "nodeType": "host",
            "props": Object {
              "children": Array [
                undefined,
                ",",
              ],
            },
            "ref": null,
            "rendered": Array [
              undefined,
              ",",
            ],
            "type": "h1",
          },
          Object {
            "instance": null,
            "key": undefined,
            "nodeType": "host",
            "props": Object {
              "children": undefined,
            },
            "ref": null,
            "rendered": null,
            "type": "h3",
          },
        ],
        "type": "div",
      },
      Object {
        "instance": null,
        "key": undefined,
        "nodeType": "host",
        "props": Object {
          "children": Array [
            <div
              className="manager-container"
>
              <p
                            className="manager"
              >
                            manager:
              </p>
              <h3>
                            ,
              </h3>
              <h3 />
</div>,
            <div
              className="stadium-container"
>
              <p
                            className="stadium"
              >
                            stadium:
              </p>
              <p />
              <p>
                            capacity:
              </p>
              <p />
</div>,
          ],
          "className": "manager-stadium",
        },
        "ref": null,
        "rendered": Array [
          Object {
            "instance": null,
            "key": undefined,
            "nodeType": "host",
            "props": Object {
              "children": Array [
                <p
                  className="manager"
>
                  manager:
</p>,
                <h3>
                  ,
</h3>,
                <h3 />,
              ],
              "className": "manager-container",
            },
            "ref": null,
            "rendered": Array [
              Object {
                "instance": null,
                "key": undefined,
                "nodeType": "host",
                "props": Object {
                  "children": "manager:",
                  "className": "manager",
                },
                "ref": null,
                "rendered": "manager:",
                "type": "p",
              },
              Object {
                "instance": null,
                "key": undefined,
                "nodeType": "host",
                "props": Object {
                  "children": Array [
                    undefined,
                    ",",
                  ],
                },
                "ref": null,
                "rendered": Array [
                  undefined,
                  ",",
                ],
                "type": "h3",
              },
              Object {
                "instance": null,
                "key": undefined,
                "nodeType": "host",
                "props": Object {
                  "children": undefined,
                },
                "ref": null,
                "rendered": null,
                "type": "h3",
              },
            ],
            "type": "div",
          },
          Object {
            "instance": null,
            "key": undefined,
            "nodeType": "host",
            "props": Object {
              "children": Array [
                <p
                  className="stadium"
>
                  stadium:
</p>,
                <p />,
                <p>
                  capacity:
</p>,
                <p />,
              ],
              "className": "stadium-container",
            },
            "ref": null,
            "rendered": Array [
              Object {
                "instance": null,
                "key": undefined,
                "nodeType": "host",
                "props": Object {
                  "children": "stadium:",
                  "className": "stadium",
                },
                "ref": null,
                "rendered": "stadium:",
                "type": "p",
              },
              Object {
                "instance": null,
                "key": undefined,
                "nodeType": "host",
                "props": Object {
                  "children": undefined,
                },
                "ref": null,
                "rendered": null,
                "type": "p",
              },
              Object {
                "instance": null,
                "key": undefined,
                "nodeType": "host",
                "props": Object {
                  "children": "capacity:",
                },
                "ref": null,
                "rendered": "capacity:",
                "type": "p",
              },
              Object {
                "instance": null,
                "key": undefined,
                "nodeType": "host",
                "props": Object {
                  "children": undefined,
                },
                "ref": null,
                "rendered": null,
                "type": "p",
              },
            ],
            "type": "div",
          },
        ],
        "type": "div",
      },
      Object {
        "instance": null,
        "key": undefined,
        "nodeType": "host",
        "props": Object {
          "children": undefined,
          "className": "players",
        },
        "ref": null,
        "rendered": null,
        "type": "div",
      },
    ],
    "type": "div",
  },
  Symbol(enzyme.__nodes__): Array [
    Object {
      "instance": null,
      "key": undefined,
      "nodeType": "host",
      "props": Object {
        "children": Array [
          <div
            className="team"
>
            <h1>
                        ,
            </h1>
            <h3 />
</div>,
          <div
            className="manager-stadium"
>
            <div
                        className="manager-container"
            >
                        <p
                                    className="manager"
                        >
                                    manager:
                        </p>
                        <h3>
                                    ,
                        </h3>
                        <h3 />
            </div>
            <div
                        className="stadium-container"
            >
                        <p
                                    className="stadium"
                        >
                                    stadium:
                        </p>
                        <p />
                        <p>
                                    capacity:
                        </p>
                        <p />
            </div>
</div>,
          <div
            className="players"
/>,
        ],
        "className": "team-container",
      },
      "ref": null,
      "rendered": Array [
        Object {
          "instance": null,
          "key": undefined,
          "nodeType": "host",
          "props": Object {
            "children": Array [
              <h1>
                ,
</h1>,
              <h3 />,
            ],
            "className": "team",
          },
          "ref": null,
          "rendered": Array [
            Object {
              "instance": null,
              "key": undefined,
              "nodeType": "host",
              "props": Object {
                "children": Array [
                  undefined,
                  ",",
                ],
              },
              "ref": null,
              "rendered": Array [
                undefined,
                ",",
              ],
              "type": "h1",
            },
            Object {
              "instance": null,
              "key": undefined,
              "nodeType": "host",
              "props": Object {
                "children": undefined,
              },
              "ref": null,
              "rendered": null,
              "type": "h3",
            },
          ],
          "type": "div",
        },
        Object {
          "instance": null,
          "key": undefined,
          "nodeType": "host",
          "props": Object {
            "children": Array [
              <div
                className="manager-container"
>
                <p
                                className="manager"
                >
                                manager:
                </p>
                <h3>
                                ,
                </h3>
                <h3 />
</div>,
              <div
                className="stadium-container"
>
                <p
                                className="stadium"
                >
                                stadium:
                </p>
                <p />
                <p>
                                capacity:
                </p>
                <p />
</div>,
            ],
            "className": "manager-stadium",
          },
          "ref": null,
          "rendered": Array [
            Object {
              "instance": null,
              "key": undefined,
              "nodeType": "host",
              "props": Object {
                "children": Array [
                  <p
                    className="manager"
>
                    manager:
</p>,
                  <h3>
                    ,
</h3>,
                  <h3 />,
                ],
                "className": "manager-container",
              },
              "ref": null,
              "rendered": Array [
                Object {
                  "instance": null,
                  "key": undefined,
                  "nodeType": "host",
                  "props": Object {
                    "children": "manager:",
                    "className": "manager",
                  },
                  "ref": null,
                  "rendered": "manager:",
                  "type": "p",
                },
                Object {
                  "instance": null,
                  "key": undefined,
                  "nodeType": "host",
                  "props": Object {
                    "children": Array [
                      undefined,
                      ",",
                    ],
                  },
                  "ref": null,
                  "rendered": Array [
                    undefined,
                    ",",
                  ],
                  "type": "h3",
                },
                Object {
                  "instance": null,
                  "key": undefined,
                  "nodeType": "host",
                  "props": Object {
                    "children": undefined,
                  },
                  "ref": null,
                  "rendered": null,
                  "type": "h3",
                },
              ],
              "type": "div",
            },
            Object {
              "instance": null,
              "key": undefined,
              "nodeType": "host",
              "props": Object {
                "children": Array [
                  <p
                    className="stadium"
>
                    stadium:
</p>,
                  <p />,
                  <p>
                    capacity:
</p>,
                  <p />,
                ],
                "className": "stadium-container",
              },
              "ref": null,
              "rendered": Array [
                Object {
                  "instance": null,
                  "key": undefined,
                  "nodeType": "host",
                  "props": Object {
                    "children": "stadium:",
                    "className": "stadium",
                  },
                  "ref": null,
                  "rendered": "stadium:",
                  "type": "p",
                },
                Object {
                  "instance": null,
                  "key": undefined,
                  "nodeType": "host",
                  "props": Object {
                    "children": undefined,
                  },
                  "ref": null,
                  "rendered": null,
                  "type": "p",
                },
                Object {
                  "instance": null,
                  "key": undefined,
                  "nodeType": "host",
                  "props": Object {
                    "children": "capacity:",
                  },
                  "ref": null,
                  "rendered": "capacity:",
                  "type": "p",
                },
                Object {
                  "instance": null,
                  "key": undefined,
                  "nodeType": "host",
                  "props": Object {
                    "children": undefined,
                  },
                  "ref": null,
                  "rendered": null,
                  "type": "p",
                },
              ],
              "type": "div",
            },
          ],
          "type": "div",
        },
        Object {
          "instance": null,
          "key": undefined,
          "nodeType": "host",
          "props": Object {
            "children": undefined,
            "className": "players",
          },
          "ref": null,
          "rendered": null,
          "type": "div",
        },
      ],
      "type": "div",
    },
  ],
  Symbol(enzyme.__options__): Object {
    "adapter": ReactSixteenAdapter {
      "options": Object {
        "enableComponentDidUpdateOnSetState": true,
      },
    },
  },
}
`;
