// Jest Snapshot v1, https://goo.gl/fbAQLP

exports[`Team should match snapshot 1`] = `
ShallowWrapper {
  "length": 1,
  Symbol(enzyme.__root__): [Circular],
  Symbol(enzyme.__unrendered__): <Team
    fetchPlayer={[Function]}
    setDisplay={[Function]}
    squad={
        Array [
            Object {},
            Object {},
          ]
    }
    team={Object {}}
/>,
  Symbol(enzyme.__renderer__): Object {
    "batchedUpdates": [Function],
    "getNode": [Function],
    "render": [Function],
    "simulateEvent": [Function],
    "unmount": [Function],
  },
  Symbol(enzyme.__node__): Object {
    "instance": null,
    "key": undefined,
    "nodeType": "host",
    "props": Object {
      "children": <div
        className="team-container"
>
        <div
                className="team"
        >
                <img
                        id="team-logo"
                        src={undefined}
                />
                <h1
                        className="team-name"
                />
        </div>
        <div
                className="manager-stadium"
        >
                <div
                        className="manager-container"
                >
                        <h3
                                className="manager"
                        >
                                <span>
                                        Manager:
                                </span>
                                ,
                        </h3>
                        <h3
                                className="manager"
                        />
                </div>
                <div
                        className="stadium-container"
                >
                        <p
                                className="stadium"
                        >
                                <span>
                                        Stadium:
                                </span>
                        </p>
                        <p
                                className="stadium"
                        >
                                <span>
                                        Capacity:
                                </span>
                        </p>
                </div>
        </div>
        <div
                className="players"
        >
                <h3 />
                <div
                        className="player"
                >
                        <p
                                className="player-number"
                        />
                        <Link
                                className="player-link"
                                onClick={[Function]}
                                replace={false}
                                to="/player"
                        />
                </div>
                <div
                        className="player"
                >
                        <p
                                className="player-number"
                        />
                        <Link
                                className="player-link"
                                onClick={[Function]}
                                replace={false}
                                to="/player"
                        />
                </div>
        </div>
</div>,
      "className": "container-container",
    },
    "ref": null,
    "rendered": Object {
      "instance": null,
      "key": undefined,
      "nodeType": "host",
      "props": Object {
        "children": Array [
          <div
            className="team"
>
            <img
                        id="team-logo"
                        src={undefined}
            />
            <h1
                        className="team-name"
            />
</div>,
          <div
            className="manager-stadium"
>
            <div
                        className="manager-container"
            >
                        <h3
                                    className="manager"
                        >
                                    <span>
                                                Manager:
                                    </span>
                                    ,
                        </h3>
                        <h3
                                    className="manager"
                        />
            </div>
            <div
                        className="stadium-container"
            >
                        <p
                                    className="stadium"
                        >
                                    <span>
                                                Stadium:
                                    </span>
                        </p>
                        <p
                                    className="stadium"
                        >
                                    <span>
                                                Capacity:
                                    </span>
                        </p>
            </div>
</div>,
          <div
            className="players"
>
            <h3 />
            <div
                        className="player"
            >
                        <p
                                    className="player-number"
                        />
                        <Link
                                    className="player-link"
                                    onClick={[Function]}
                                    replace={false}
                                    to="/player"
                        />
            </div>
            <div
                        className="player"
            >
                        <p
                                    className="player-number"
                        />
                        <Link
                                    className="player-link"
                                    onClick={[Function]}
                                    replace={false}
                                    to="/player"
                        />
            </div>
</div>,
        ],
        "className": "team-container",
      },
      "ref": null,
      "rendered": Array [
        Object {
          "instance": null,
          "key": undefined,
          "nodeType": "host",
          "props": Object {
            "children": Array [
              <img
                id="team-logo"
                src={undefined}
/>,
              <h1
                className="team-name"
/>,
            ],
            "className": "team",
          },
          "ref": null,
          "rendered": Array [
            Object {
              "instance": null,
              "key": undefined,
              "nodeType": "host",
              "props": Object {
                "id": "team-logo",
                "src": undefined,
              },
              "ref": null,
              "rendered": null,
              "type": "img",
            },
            Object {
              "instance": null,
              "key": undefined,
              "nodeType": "host",
              "props": Object {
                "children": undefined,
                "className": "team-name",
              },
              "ref": null,
              "rendered": null,
              "type": "h1",
            },
          ],
          "type": "div",
        },
        Object {
          "instance": null,
          "key": undefined,
          "nodeType": "host",
          "props": Object {
            "children": Array [
              <div
                className="manager-container"
>
                <h3
                                className="manager"
                >
                                <span>
                                                Manager:
                                </span>
                                ,
                </h3>
                <h3
                                className="manager"
                />
</div>,
              <div
                className="stadium-container"
>
                <p
                                className="stadium"
                >
                                <span>
                                                Stadium:
                                </span>
                </p>
                <p
                                className="stadium"
                >
                                <span>
                                                Capacity:
                                </span>
                </p>
</div>,
            ],
            "className": "manager-stadium",
          },
          "ref": null,
          "rendered": Array [
            Object {
              "instance": null,
              "key": undefined,
              "nodeType": "host",
              "props": Object {
                "children": Array [
                  <h3
                    className="manager"
>
                    <span>
                                        Manager:
                    </span>
                    ,
</h3>,
                  <h3
                    className="manager"
/>,
                ],
                "className": "manager-container",
              },
              "ref": null,
              "rendered": Array [
                Object {
                  "instance": null,
                  "key": undefined,
                  "nodeType": "host",
                  "props": Object {
                    "children": Array [
                      <span>
                        Manager:
</span>,
                      undefined,
                      ",",
                    ],
                    "className": "manager",
                  },
                  "ref": null,
                  "rendered": Array [
                    Object {
                      "instance": null,
                      "key": undefined,
                      "nodeType": "host",
                      "props": Object {
                        "children": "Manager:",
                      },
                      "ref": null,
                      "rendered": "Manager:",
                      "type": "span",
                    },
                    undefined,
                    ",",
                  ],
                  "type": "h3",
                },
                Object {
                  "instance": null,
                  "key": undefined,
                  "nodeType": "host",
                  "props": Object {
                    "children": undefined,
                    "className": "manager",
                  },
                  "ref": null,
                  "rendered": null,
                  "type": "h3",
                },
              ],
              "type": "div",
            },
            Object {
              "instance": null,
              "key": undefined,
              "nodeType": "host",
              "props": Object {
                "children": Array [
                  <p
                    className="stadium"
>
                    <span>
                                        Stadium:
                    </span>
</p>,
                  <p
                    className="stadium"
>
                    <span>
                                        Capacity:
                    </span>
</p>,
                ],
                "className": "stadium-container",
              },
              "ref": null,
              "rendered": Array [
                Object {
                  "instance": null,
                  "key": undefined,
                  "nodeType": "host",
                  "props": Object {
                    "children": Array [
                      <span>
                        Stadium:
</span>,
                      undefined,
                    ],
                    "className": "stadium",
                  },
                  "ref": null,
                  "rendered": Array [
                    Object {
                      "instance": null,
                      "key": undefined,
                      "nodeType": "host",
                      "props": Object {
                        "children": "Stadium:",
                      },
                      "ref": null,
                      "rendered": "Stadium:",
                      "type": "span",
                    },
                    undefined,
                  ],
                  "type": "p",
                },
                Object {
                  "instance": null,
                  "key": undefined,
                  "nodeType": "host",
                  "props": Object {
                    "children": Array [
                      <span>
                        Capacity:
</span>,
                      undefined,
                    ],
                    "className": "stadium",
                  },
                  "ref": null,
                  "rendered": Array [
                    Object {
                      "instance": null,
                      "key": undefined,
                      "nodeType": "host",
                      "props": Object {
                        "children": "Capacity:",
                      },
                      "ref": null,
                      "rendered": "Capacity:",
                      "type": "span",
                    },
                    undefined,
                  ],
                  "type": "p",
                },
              ],
              "type": "div",
            },
          ],
          "type": "div",
        },
        Object {
          "instance": null,
          "key": undefined,
          "nodeType": "host",
          "props": Object {
            "children": Array [
              <h3 />,
              Array [
                <div
                  className="player"
>
                  <p
                                    className="player-number"
                  />
                  <Link
                                    className="player-link"
                                    onClick={[Function]}
                                    replace={false}
                                    to="/player"
                  />
</div>,
                <div
                  className="player"
>
                  <p
                                    className="player-number"
                  />
                  <Link
                                    className="player-link"
                                    onClick={[Function]}
                                    replace={false}
                                    to="/player"
                  />
</div>,
              ],
            ],
            "className": "players",
          },
          "ref": null,
          "rendered": Array [
            Object {
              "instance": null,
              "key": undefined,
              "nodeType": "host",
              "props": Object {},
              "ref": null,
              "rendered": null,
              "type": "h3",
            },
            Object {
              "instance": null,
              "key": undefined,
              "nodeType": "host",
              "props": Object {
                "children": Array [
                  <p
                    className="player-number"
/>,
                  <Link
                    className="player-link"
                    onClick={[Function]}
                    replace={false}
                    to="/player"
/>,
                ],
                "className": "player",
              },
              "ref": null,
              "rendered": Array [
                Object {
                  "instance": null,
                  "key": undefined,
                  "nodeType": "host",
                  "props": Object {
                    "children": undefined,
                    "className": "player-number",
                  },
                  "ref": null,
                  "rendered": null,
                  "type": "p",
                },
                Object {
                  "instance": null,
                  "key": undefined,
                  "nodeType": "class",
                  "props": Object {
                    "children": undefined,
                    "className": "player-link",
                    "onClick": [Function],
                    "replace": false,
                    "to": "/player",
                  },
                  "ref": null,
                  "rendered": null,
                  "type": [Function],
                },
              ],
              "type": "div",
            },
            Object {
              "instance": null,
              "key": undefined,
              "nodeType": "host",
              "props": Object {
                "children": Array [
                  <p
                    className="player-number"
/>,
                  <Link
                    className="player-link"
                    onClick={[Function]}
                    replace={false}
                    to="/player"
/>,
                ],
                "className": "player",
              },
              "ref": null,
              "rendered": Array [
                Object {
                  "instance": null,
                  "key": undefined,
                  "nodeType": "host",
                  "props": Object {
                    "children": undefined,
                    "className": "player-number",
                  },
                  "ref": null,
                  "rendered": null,
                  "type": "p",
                },
                Object {
                  "instance": null,
                  "key": undefined,
                  "nodeType": "class",
                  "props": Object {
                    "children": undefined,
                    "className": "player-link",
                    "onClick": [Function],
                    "replace": false,
                    "to": "/player",
                  },
                  "ref": null,
                  "rendered": null,
                  "type": [Function],
                },
              ],
              "type": "div",
            },
          ],
          "type": "div",
        },
      ],
      "type": "div",
    },
    "type": "div",
  },
  Symbol(enzyme.__nodes__): Array [
    Object {
      "instance": null,
      "key": undefined,
      "nodeType": "host",
      "props": Object {
        "children": <div
          className="team-container"
>
          <div
                    className="team"
          >
                    <img
                              id="team-logo"
                              src={undefined}
                    />
                    <h1
                              className="team-name"
                    />
          </div>
          <div
                    className="manager-stadium"
          >
                    <div
                              className="manager-container"
                    >
                              <h3
                                        className="manager"
                              >
                                        <span>
                                                  Manager:
                                        </span>
                                        ,
                              </h3>
                              <h3
                                        className="manager"
                              />
                    </div>
                    <div
                              className="stadium-container"
                    >
                              <p
                                        className="stadium"
                              >
                                        <span>
                                                  Stadium:
                                        </span>
                              </p>
                              <p
                                        className="stadium"
                              >
                                        <span>
                                                  Capacity:
                                        </span>
                              </p>
                    </div>
          </div>
          <div
                    className="players"
          >
                    <h3 />
                    <div
                              className="player"
                    >
                              <p
                                        className="player-number"
                              />
                              <Link
                                        className="player-link"
                                        onClick={[Function]}
                                        replace={false}
                                        to="/player"
                              />
                    </div>
                    <div
                              className="player"
                    >
                              <p
                                        className="player-number"
                              />
                              <Link
                                        className="player-link"
                                        onClick={[Function]}
                                        replace={false}
                                        to="/player"
                              />
                    </div>
          </div>
</div>,
        "className": "container-container",
      },
      "ref": null,
      "rendered": Object {
        "instance": null,
        "key": undefined,
        "nodeType": "host",
        "props": Object {
          "children": Array [
            <div
              className="team"
>
              <img
                            id="team-logo"
                            src={undefined}
              />
              <h1
                            className="team-name"
              />
</div>,
            <div
              className="manager-stadium"
>
              <div
                            className="manager-container"
              >
                            <h3
                                          className="manager"
                            >
                                          <span>
                                                        Manager:
                                          </span>
                                          ,
                            </h3>
                            <h3
                                          className="manager"
                            />
              </div>
              <div
                            className="stadium-container"
              >
                            <p
                                          className="stadium"
                            >
                                          <span>
                                                        Stadium:
                                          </span>
                            </p>
                            <p
                                          className="stadium"
                            >
                                          <span>
                                                        Capacity:
                                          </span>
                            </p>
              </div>
</div>,
            <div
              className="players"
>
              <h3 />
              <div
                            className="player"
              >
                            <p
                                          className="player-number"
                            />
                            <Link
                                          className="player-link"
                                          onClick={[Function]}
                                          replace={false}
                                          to="/player"
                            />
              </div>
              <div
                            className="player"
              >
                            <p
                                          className="player-number"
                            />
                            <Link
                                          className="player-link"
                                          onClick={[Function]}
                                          replace={false}
                                          to="/player"
                            />
              </div>
</div>,
          ],
          "className": "team-container",
        },
        "ref": null,
        "rendered": Array [
          Object {
            "instance": null,
            "key": undefined,
            "nodeType": "host",
            "props": Object {
              "children": Array [
                <img
                  id="team-logo"
                  src={undefined}
/>,
                <h1
                  className="team-name"
/>,
              ],
              "className": "team",
            },
            "ref": null,
            "rendered": Array [
              Object {
                "instance": null,
                "key": undefined,
                "nodeType": "host",
                "props": Object {
                  "id": "team-logo",
                  "src": undefined,
                },
                "ref": null,
                "rendered": null,
                "type": "img",
              },
              Object {
                "instance": null,
                "key": undefined,
                "nodeType": "host",
                "props": Object {
                  "children": undefined,
                  "className": "team-name",
                },
                "ref": null,
                "rendered": null,
                "type": "h1",
              },
            ],
            "type": "div",
          },
          Object {
            "instance": null,
            "key": undefined,
            "nodeType": "host",
            "props": Object {
              "children": Array [
                <div
                  className="manager-container"
>
                  <h3
                                    className="manager"
                  >
                                    <span>
                                                      Manager:
                                    </span>
                                    ,
                  </h3>
                  <h3
                                    className="manager"
                  />
</div>,
                <div
                  className="stadium-container"
>
                  <p
                                    className="stadium"
                  >
                                    <span>
                                                      Stadium:
                                    </span>
                  </p>
                  <p
                                    className="stadium"
                  >
                                    <span>
                                                      Capacity:
                                    </span>
                  </p>
</div>,
              ],
              "className": "manager-stadium",
            },
            "ref": null,
            "rendered": Array [
              Object {
                "instance": null,
                "key": undefined,
                "nodeType": "host",
                "props": Object {
                  "children": Array [
                    <h3
                      className="manager"
>
                      <span>
                                            Manager:
                      </span>
                      ,
</h3>,
                    <h3
                      className="manager"
/>,
                  ],
                  "className": "manager-container",
                },
                "ref": null,
                "rendered": Array [
                  Object {
                    "instance": null,
                    "key": undefined,
                    "nodeType": "host",
                    "props": Object {
                      "children": Array [
                        <span>
                          Manager:
</span>,
                        undefined,
                        ",",
                      ],
                      "className": "manager",
                    },
                    "ref": null,
                    "rendered": Array [
                      Object {
                        "instance": null,
                        "key": undefined,
                        "nodeType": "host",
                        "props": Object {
                          "children": "Manager:",
                        },
                        "ref": null,
                        "rendered": "Manager:",
                        "type": "span",
                      },
                      undefined,
                      ",",
                    ],
                    "type": "h3",
                  },
                  Object {
                    "instance": null,
                    "key": undefined,
                    "nodeType": "host",
                    "props": Object {
                      "children": undefined,
                      "className": "manager",
                    },
                    "ref": null,
                    "rendered": null,
                    "type": "h3",
                  },
                ],
                "type": "div",
              },
              Object {
                "instance": null,
                "key": undefined,
                "nodeType": "host",
                "props": Object {
                  "children": Array [
                    <p
                      className="stadium"
>
                      <span>
                                            Stadium:
                      </span>
</p>,
                    <p
                      className="stadium"
>
                      <span>
                                            Capacity:
                      </span>
</p>,
                  ],
                  "className": "stadium-container",
                },
                "ref": null,
                "rendered": Array [
                  Object {
                    "instance": null,
                    "key": undefined,
                    "nodeType": "host",
                    "props": Object {
                      "children": Array [
                        <span>
                          Stadium:
</span>,
                        undefined,
                      ],
                      "className": "stadium",
                    },
                    "ref": null,
                    "rendered": Array [
                      Object {
                        "instance": null,
                        "key": undefined,
                        "nodeType": "host",
                        "props": Object {
                          "children": "Stadium:",
                        },
                        "ref": null,
                        "rendered": "Stadium:",
                        "type": "span",
                      },
                      undefined,
                    ],
                    "type": "p",
                  },
                  Object {
                    "instance": null,
                    "key": undefined,
                    "nodeType": "host",
                    "props": Object {
                      "children": Array [
                        <span>
                          Capacity:
</span>,
                        undefined,
                      ],
                      "className": "stadium",
                    },
                    "ref": null,
                    "rendered": Array [
                      Object {
                        "instance": null,
                        "key": undefined,
                        "nodeType": "host",
                        "props": Object {
                          "children": "Capacity:",
                        },
                        "ref": null,
                        "rendered": "Capacity:",
                        "type": "span",
                      },
                      undefined,
                    ],
                    "type": "p",
                  },
                ],
                "type": "div",
              },
            ],
            "type": "div",
          },
          Object {
            "instance": null,
            "key": undefined,
            "nodeType": "host",
            "props": Object {
              "children": Array [
                <h3 />,
                Array [
                  <div
                    className="player"
>
                    <p
                                        className="player-number"
                    />
                    <Link
                                        className="player-link"
                                        onClick={[Function]}
                                        replace={false}
                                        to="/player"
                    />
</div>,
                  <div
                    className="player"
>
                    <p
                                        className="player-number"
                    />
                    <Link
                                        className="player-link"
                                        onClick={[Function]}
                                        replace={false}
                                        to="/player"
                    />
</div>,
                ],
              ],
              "className": "players",
            },
            "ref": null,
            "rendered": Array [
              Object {
                "instance": null,
                "key": undefined,
                "nodeType": "host",
                "props": Object {},
                "ref": null,
                "rendered": null,
                "type": "h3",
              },
              Object {
                "instance": null,
                "key": undefined,
                "nodeType": "host",
                "props": Object {
                  "children": Array [
                    <p
                      className="player-number"
/>,
                    <Link
                      className="player-link"
                      onClick={[Function]}
                      replace={false}
                      to="/player"
/>,
                  ],
                  "className": "player",
                },
                "ref": null,
                "rendered": Array [
                  Object {
                    "instance": null,
                    "key": undefined,
                    "nodeType": "host",
                    "props": Object {
                      "children": undefined,
                      "className": "player-number",
                    },
                    "ref": null,
                    "rendered": null,
                    "type": "p",
                  },
                  Object {
                    "instance": null,
                    "key": undefined,
                    "nodeType": "class",
                    "props": Object {
                      "children": undefined,
                      "className": "player-link",
                      "onClick": [Function],
                      "replace": false,
                      "to": "/player",
                    },
                    "ref": null,
                    "rendered": null,
                    "type": [Function],
                  },
                ],
                "type": "div",
              },
              Object {
                "instance": null,
                "key": undefined,
                "nodeType": "host",
                "props": Object {
                  "children": Array [
                    <p
                      className="player-number"
/>,
                    <Link
                      className="player-link"
                      onClick={[Function]}
                      replace={false}
                      to="/player"
/>,
                  ],
                  "className": "player",
                },
                "ref": null,
                "rendered": Array [
                  Object {
                    "instance": null,
                    "key": undefined,
                    "nodeType": "host",
                    "props": Object {
                      "children": undefined,
                      "className": "player-number",
                    },
                    "ref": null,
                    "rendered": null,
                    "type": "p",
                  },
                  Object {
                    "instance": null,
                    "key": undefined,
                    "nodeType": "class",
                    "props": Object {
                      "children": undefined,
                      "className": "player-link",
                      "onClick": [Function],
                      "replace": false,
                      "to": "/player",
                    },
                    "ref": null,
                    "rendered": null,
                    "type": [Function],
                  },
                ],
                "type": "div",
              },
            ],
            "type": "div",
          },
        ],
        "type": "div",
      },
      "type": "div",
    },
  ],
  Symbol(enzyme.__options__): Object {
    "adapter": ReactSixteenAdapter {
      "options": Object {
        "enableComponentDidUpdateOnSetState": true,
      },
    },
  },
}
`;
